http://ontargetgolflearningsystem.com/includes/FusionCharts/Charts/Area2D.swf
http://ontargetgolflearningsystem.com/includes/FusionCharts/Charts/Bar2D.swf
http://ontargetgolflearningsystem.com/includes/FusionCharts/Charts/Bubble.swf
http://ontargetgolflearningsystem.com/includes/FusionCharts/Charts/Column2D.swf
http://ontargetgolflearningsystem.com/includes/FusionCharts/Charts/Column3D.swf
http://ontargetgolflearningsystem.com/includes/FusionCharts/Charts/Doughnut2D.swf
http://ontargetgolflearningsystem.com/includes/FusionCharts/Charts/Doughnut3D.swf
http://ontargetgolflearningsystem.com/includes/FusionCharts/Charts/Line.swf
http://ontargetgolflearningsystem.com/includes/FusionCharts/Charts/MSArea.swf
http://ontargetgolflearningsystem.com/includes/FusionCharts/Charts/MSBar2D.swf
http://ontargetgolflearningsystem.com/includes/FusionCharts/Charts/MSBar3D.swf
http://ontargetgolflearningsystem.com/includes/FusionCharts/Charts/MSColumn2D.swf
http://ontargetgolflearningsystem.com/includes/FusionCharts/Charts/MSColumn3D.swf
http://ontargetgolflearningsystem.com/includes/FusionCharts/Charts/MSColumn3DLineDY.swf
http://ontargetgolflearningsystem.com/includes/FusionCharts/Charts/MSColumnLine3D.swf
http://ontargetgolflearningsystem.com/includes/FusionCharts/Charts/MSCombi2D.swf
http://ontargetgolflearningsystem.com/includes/FusionCharts/Charts/MSCombiDY2D.swf
http://ontargetgolflearningsystem.com/includes/FusionCharts/Charts/MSLine.swf
http://ontargetgolflearningsystem.com/includes/FusionCharts/Charts/MSStackedColumn2D.swf
http://ontargetgolflearningsystem.com/includes/FusionCharts/Charts/MSStackedColumn2DLineDY.swf
http://ontargetgolflearningsystem.com/includes/FusionCharts/Charts/Pie2D.swf
http://ontargetgolflearningsystem.com/includes/FusionCharts/Charts/Pie3D.swf
http://ontargetgolflearningsystem.com/includes/FusionCharts/Charts/Scatter.swf
http://ontargetgolflearningsystem.com/includes/FusionCharts/Charts/ScrollArea2D.swf
http://ontargetgolflearningsystem.com/includes/FusionCharts/Charts/ScrollColumn2D.swf
http://ontargetgolflearningsystem.com/includes/FusionCharts/Charts/ScrollCombi2D.swf
http://ontargetgolflearningsystem.com/includes/FusionCharts/Charts/ScrollCombiDY2D.swf
http://ontargetgolflearningsystem.com/includes/FusionCharts/Charts/ScrollLine2D.swf
http://ontargetgolflearningsystem.com/includes/FusionCharts/Charts/ScrollStackedColumn2D.swf
http://ontargetgolflearningsystem.com/includes/FusionCharts/Charts/SSGrid.swf
http://ontargetgolflearningsystem.com/includes/FusionCharts/Charts/StackedArea2D.swf
http://ontargetgolflearningsystem.com/includes/FusionCharts/Charts/StackedBar2D.swf
http://ontargetgolflearningsystem.com/includes/FusionCharts/Charts/StackedBar3D.swf
http://ontargetgolflearningsystem.com/includes/FusionCharts/Charts/StackedColumn2D.swf
http://ontargetgolflearningsystem.com/includes/FusionCharts/Charts/StackedColumn3D.swf
http://ontargetgolflearningsystem.com/includes/FusionCharts/Charts/StackedColumn3DLineDY.swf